
  You can now view your Streamlit app in your browser.

  URL: http://127.0.0.1:8632

  For better performance, install the Watchdog module:

  $ xcode-select --install
  $ pip install watchdog

<dst-archive>/src/ancillary.py:1036: FutureWarning: The behavior of array concatenation with empty entries is deprecated. In a future version, this will no longer exclude empty items when determining the result dtype. To retain the old behavior, exclude the empty entries before the concat operation.
  combined = pd.concat([combined, manual]).sort_index()
<dst-archive>/src/ancillary.py:1036: FutureWarning: The behavior of DataFrame concatenation with empty or all-NA entries is deprecated. In a future version, this will no longer exclude empty or all-NA columns when determining the result dtypes. To retain the old behavior, exclude the relevant entries before the concat operation.
  combined = pd.concat([combined, manual]).sort_index()
2026-10-03 23:13:48.718 Uncaught app execution
Traceback (most recent call last):
  File "<repo>/.venv/lib/python3.13/site-packages/pandas/core/indexes/base.py", line 3812, in get_loc
    return self._engine.get_loc(casted_key)
           ~~~~~~~~~~~~~~~~~~~~^^^^^^^^^^^^
  File "pandas/_libs/index.pyx", line 167, in pandas._libs.index.IndexEngine.get_loc
  File "pandas/_libs/index.pyx", line 196, in pandas._libs.index.IndexEngine.get_loc
  File "pandas/_libs/hashtable_class_helper.pxi", line 7088, in pandas._libs.hashtable.PyObjectHashTable.get_item
  File "pandas/_libs/hashtable_class_helper.pxi", line 7096, in pandas._libs.hashtable.PyObjectHashTable.get_item
KeyError: 'timestamp'

The above exception was the direct cause of the following exception:

Traceback (most recent call last):
  File "<repo>/.venv/lib/python3.13/site-packages/streamlit/runtime/scriptrunner/exec_code.py", line 129, in exec_func_with_error_handling
    result = func()
  File "<repo>/.venv/lib/python3.13/site-packages/streamlit/runtime/scriptrunner/script_runner.py", line 689, in code_to_exec
    exec(code, module.__dict__)  # noqa: S102
    ~~~~^^^^^^^^^^^^^^^^^^^^^^^
  File "<repo>/outputs/acceptance-closeout-2026-10-03/fixtures/revenue_energy_only_harness.py", line 40, in <module>
    st.download_button("Export to Excel", export_to_bytes(**args),
                                          ~~~~~~~~~~~~~~~^^^^^^^^
  File "<dst-archive>/src/export.py", line 2323, in export_to_bytes
    _write_excel_workbook(
    ~~~~~~~~~~~~~~~~~~~~~^
        writer,
        ^^^^^^^
    ...<8 lines>...
        project_case_result=project_case_result,
        ^^^^^^^^^^^^^^^^^^^^^^^^^^^^^^^^^^^^^^^^
    )
    ^
  File "<dst-archive>/src/export.py", line 2241, in _write_excel_workbook
    hourly["timestamp"] = hourly["timestamp"].astype(str)
                          ~~~~~~^^^^^^^^^^^^^
  File "<repo>/.venv/lib/python3.13/site-packages/pandas/core/frame.py", line 4113, in __getitem__
    indexer = self.columns.get_loc(key)
  File "<repo>/.venv/lib/python3.13/site-packages/pandas/core/indexes/base.py", line 3819, in get_loc
    raise KeyError(key) from err
KeyError: 'timestamp'
<dst-archive>/src/ancillary.py:1036: FutureWarning: The behavior of array concatenation with empty entries is deprecated. In a future version, this will no longer exclude empty items when determining the result dtype. To retain the old behavior, exclude the empty entries before the concat operation.
  combined = pd.concat([combined, manual]).sort_index()
<dst-archive>/src/ancillary.py:1036: FutureWarning: The behavior of DataFrame concatenation with empty or all-NA entries is deprecated. In a future version, this will no longer exclude empty or all-NA columns when determining the result dtypes. To retain the old behavior, exclude the relevant entries before the concat operation.
  combined = pd.concat([combined, manual]).sort_index()
<dst-archive>/src/ancillary.py:1036: FutureWarning: The behavior of array concatenation with empty entries is deprecated. In a future version, this will no longer exclude empty items when determining the result dtype. To retain the old behavior, exclude the empty entries before the concat operation.
  combined = pd.concat([combined, manual]).sort_index()
<dst-archive>/src/ancillary.py:1036: FutureWarning: The behavior of DataFrame concatenation with empty or all-NA entries is deprecated. In a future version, this will no longer exclude empty or all-NA columns when determining the result dtypes. To retain the old behavior, exclude the relevant entries before the concat operation.
  combined = pd.concat([combined, manual]).sort_index()
<dst-archive>/src/ancillary.py:1036: FutureWarning: The behavior of array concatenation with empty entries is deprecated. In a future version, this will no longer exclude empty items when determining the result dtype. To retain the old behavior, exclude the empty entries before the concat operation.
  combined = pd.concat([combined, manual]).sort_index()
<dst-archive>/src/ancillary.py:1036: FutureWarning: The behavior of DataFrame concatenation with empty or all-NA entries is deprecated. In a future version, this will no longer exclude empty or all-NA columns when determining the result dtypes. To retain the old behavior, exclude the relevant entries before the concat operation.
  combined = pd.concat([combined, manual]).sort_index()
<dst-archive>/src/ancillary.py:1036: FutureWarning: The behavior of array concatenation with empty entries is deprecated. In a future version, this will no longer exclude empty items when determining the result dtype. To retain the old behavior, exclude the empty entries before the concat operation.
  combined = pd.concat([combined, manual]).sort_index()
<dst-archive>/src/ancillary.py:1036: FutureWarning: The behavior of DataFrame concatenation with empty or all-NA entries is deprecated. In a future version, this will no longer exclude empty or all-NA columns when determining the result dtypes. To retain the old behavior, exclude the relevant entries before the concat operation.
  combined = pd.concat([combined, manual]).sort_index()
<dst-archive>/src/ancillary.py:1036: FutureWarning: The behavior of array concatenation with empty entries is deprecated. In a future version, this will no longer exclude empty items when determining the result dtype. To retain the old behavior, exclude the empty entries before the concat operation.
  combined = pd.concat([combined, manual]).sort_index()
<dst-archive>/src/ancillary.py:1036: FutureWarning: The behavior of DataFrame concatenation with empty or all-NA entries is deprecated. In a future version, this will no longer exclude empty or all-NA columns when determining the result dtypes. To retain the old behavior, exclude the relevant entries before the concat operation.
  combined = pd.concat([combined, manual]).sort_index()
<dst-archive>/src/ancillary.py:1036: FutureWarning: The behavior of array concatenation with empty entries is deprecated. In a future version, this will no longer exclude empty items when determining the result dtype. To retain the old behavior, exclude the empty entries before the concat operation.
  combined = pd.concat([combined, manual]).sort_index()
<dst-archive>/src/ancillary.py:1036: FutureWarning: The behavior of DataFrame concatenation with empty or all-NA entries is deprecated. In a future version, this will no longer exclude empty or all-NA columns when determining the result dtypes. To retain the old behavior, exclude the relevant entries before the concat operation.
  combined = pd.concat([combined, manual]).sort_index()
  Stopping...
